// Jest Snapshot v1, https://goo.gl/fbAQLP

exports[`Prueba GifGridItem.js debe de mostrar <GifGridItem /> correctamente 1`] = `
<div
  className="card animate__animated animate__bounce"
>
  <img
    alt="Un titulo"
    src="https://localhost/algo.jpg"
  />
  <p>
     
    Un titulo
     
  </p>
</div>
`;
